{
  "MPG": null,
  "accumulator": {
    "Buick": {
      "gallons": 0,
      "lastOdometer": 50043
    }
  }
}
